[html.aliniyazi.ir/Swish/template-3/login.html]
[backblue.gif]
[fade.gif]
[index.html]
[html.aliniyazi.ir/Swish/template-3/assets/css/bootstrap.min.css]
[html.aliniyazi.ir/Swish/template-3/assets/css/all.min.css]
[html.aliniyazi.ir/Swish/template-3/assets/css/styles.css]
[html.aliniyazi.ir/Swish/template-3/assets/css/color-switcher.min.css]
[html.aliniyazi.ir/Swish/template-3/assets/css/preloader.min.css]
[html.aliniyazi.ir/Swish/template-3/assets/css/rtl.css]
[html.aliniyazi.ir/Swish/template-3/assets/images/logo.png]
[html.aliniyazi.ir/Swish/template-3/forgot-password.html]
[html.aliniyazi.ir/Swish/template-3/register.html]
[html.aliniyazi.ir/Swish/template-3/assets/js/jquery.min.js]
[html.aliniyazi.ir/Swish/template-3/assets/js/bootstrap.min.js]
[html.aliniyazi.ir/Swish/template-3/assets/js/color-switcher.min.js]
[html.aliniyazi.ir/Swish/template-3/assets/js/preloader.min.js]
[html.aliniyazi.ir/Swish/template-3/login.html]
[html.aliniyazi.ir/Swish/template-3/assets/css/bootstrap.min.css]
[html.aliniyazi.ir/Swish/template-3/assets/js/rocket-loader.min.js]
[html.aliniyazi.ir/Swish/template-3/assets/webfonts/fa-brands-400.eot]
[html.aliniyazi.ir/Swish/template-3/assets/webfonts/fa-brands-400d41dd41d.eot]
[html.aliniyazi.ir/Swish/template-3/assets/webfonts/fa-brands-400.woff]
[html.aliniyazi.ir/Swish/template-3/assets/webfonts/fa-brands-400.ttf]
[html.aliniyazi.ir/Swish/template-3/assets/webfonts/fa-brands-400.svg]
[html.aliniyazi.ir/Swish/template-3/assets/webfonts/fa-regular-400.eot]
[html.aliniyazi.ir/Swish/template-3/assets/webfonts/fa-regular-400d41dd41d.eot]
[html.aliniyazi.ir/Swish/template-3/assets/webfonts/fa-regular-400.woff]
[html.aliniyazi.ir/Swish/template-3/assets/webfonts/fa-regular-400.ttf]
[html.aliniyazi.ir/Swish/template-3/assets/webfonts/fa-regular-400.svg]
[html.aliniyazi.ir/Swish/template-3/assets/webfonts/fa-solid-900.eot]
[html.aliniyazi.ir/Swish/template-3/assets/webfonts/fa-solid-900d41dd41d.eot]
[html.aliniyazi.ir/Swish/template-3/assets/webfonts/fa-solid-900.woff]
[html.aliniyazi.ir/Swish/template-3/assets/webfonts/fa-solid-900.ttf]
[html.aliniyazi.ir/Swish/template-3/assets/css/all.min.css]
[html.aliniyazi.ir/Swish/template-3/assets/webfonts/fa-solid-900.svg]
[html.aliniyazi.ir/Swish/template-3/assets/images/background.jpg]
[html.aliniyazi.ir/Swish/template-3/assets/images/overlay.png]
[html.aliniyazi.ir/Swish/template-3/assets/css/styles.css]
[html.aliniyazi.ir/Swish/template-3/assets/css/color-switcher.min.css]
[html.aliniyazi.ir/Swish/template-3/assets/css/preloader.min.css]
[html.aliniyazi.ir/Swish/template-3/assets/webfonts/ISFaNum.eot]
[html.aliniyazi.ir/Swish/template-3/assets/webfonts/ISFaNumd41d.eot]
[html.aliniyazi.ir/Swish/template-3/assets/webfonts/ISFaNum.woff]
[html.aliniyazi.ir/Swish/template-3/assets/webfonts/ISFaNum.ttf]
[html.aliniyazi.ir/Swish/template-3/assets/webfonts/ISFaNum.svg]
[html.aliniyazi.ir/Swish/template-3/assets/webfonts/ISFaNumLi.eot]
[html.aliniyazi.ir/Swish/template-3/assets/webfonts/ISFaNumLid41d.eot]
[html.aliniyazi.ir/Swish/template-3/assets/webfonts/ISFaNumLi.woff]
[html.aliniyazi.ir/Swish/template-3/assets/webfonts/ISFaNumLi.ttf]
[html.aliniyazi.ir/Swish/template-3/assets/css/rtl.css]
[html.aliniyazi.ir/Swish/template-3/forgot-password.html]
[html.aliniyazi.ir/Swish/template-3/register.html]
[html.aliniyazi.ir/Swish/template-3/assets/webfonts/fa-brands-400.html]
[html.aliniyazi.ir/Swish/template-3/assets/webfonts/fa-brands-400.svg]
[html.aliniyazi.ir/Swish/template-3/assets/webfonts/fa-regular-400.html]
[html.aliniyazi.ir/Swish/template-3/assets/webfonts/fa-regular-400.svg]
[html.aliniyazi.ir/Swish/template-3/assets/webfonts/fa-solid-900.html]
[html.aliniyazi.ir/Swish/template-3/assets/webfonts/fa-solid-900.svg]
[html.aliniyazi.ir/Swish/template-3/assets/webfonts/ISFaNum.html]
[html.aliniyazi.ir/Swish/template-3/assets/webfonts/ISFaNum.svg]
[html.aliniyazi.ir/Swish/template-3/assets/webfonts/ISFaNumLi.html]
[html.aliniyazi.ir/Swish/template-3/assets/webfonts/ISFaNumLi.svg]
[html.aliniyazi.ir/Swish/template-3/assets/webfonts/ISFaNumLi.svg]
